[2025-07-07T13:22:24.480+0000][49][info][gc,init] CardTable entry size: 512
[2025-07-07T13:22:24.480+0000][49][info][gc     ] Using G1
[2025-07-07T13:22:24.491+0000][49][info][gc,init] Version: 21.0.1+12-29 (release)
[2025-07-07T13:22:24.491+0000][49][info][gc,init] CPUs: 10 total, 10 available
[2025-07-07T13:22:24.491+0000][49][info][gc,init] Memory: 7837M
[2025-07-07T13:22:24.491+0000][49][info][gc,init] Large Page Support: Disabled
[2025-07-07T13:22:24.491+0000][49][info][gc,init] NUMA Support: Disabled
[2025-07-07T13:22:24.491+0000][49][info][gc,init] Compressed Oops: Enabled (32-bit)
[2025-07-07T13:22:24.491+0000][49][info][gc,init] Heap Region Size: 1M
[2025-07-07T13:22:24.491+0000][49][info][gc,init] Heap Min Capacity: 512M
[2025-07-07T13:22:24.491+0000][49][info][gc,init] Heap Initial Capacity: 512M
[2025-07-07T13:22:24.491+0000][49][info][gc,init] Heap Max Capacity: 512M
[2025-07-07T13:22:24.491+0000][49][info][gc,init] Pre-touch: Disabled
[2025-07-07T13:22:24.492+0000][49][info][gc,init] Parallel Workers: 9
[2025-07-07T13:22:24.492+0000][49][info][gc,init] Concurrent Workers: 2
[2025-07-07T13:22:24.492+0000][49][info][gc,init] Concurrent Refinement Workers: 9
[2025-07-07T13:22:24.492+0000][49][info][gc,init] Periodic GC: Disabled
[2025-07-07T13:22:24.499+0000][49][info][gc,metaspace] CDS archive(s) mapped at: [0x0000006000000000-0x0000006000cb0000-0x0000006000cb0000), size 13303808, SharedBaseAddress: 0x0000006000000000, ArchiveRelocationMode: 1.
[2025-07-07T13:22:24.499+0000][49][info][gc,metaspace] Compressed class space mapped at: 0x0000006001000000-0x0000006041000000, reserved size: 1073741824
[2025-07-07T13:22:24.499+0000][49][info][gc,metaspace] Narrow klass base: 0x0000006000000000, Narrow klass shift: 0, Narrow klass range: 0x100000000
[2025-07-07T13:22:24.521+0000][49][info][gc,heap,exit] Heap
[2025-07-07T13:22:24.522+0000][49][info][gc,heap,exit]  garbage-first heap   total 524288K, used 3103K [0x00000000e0000000, 0x0000000100000000)
[2025-07-07T13:22:24.522+0000][49][info][gc,heap,exit]   region size 1024K, 3 young (3072K), 0 survivors (0K)
[2025-07-07T13:22:24.522+0000][49][info][gc,heap,exit]  Metaspace       used 213K, committed 448K, reserved 1114112K
[2025-07-07T13:22:24.522+0000][49][info][gc,heap,exit]   class space    used 5K, committed 128K, reserved 1048576K
